// Jest Snapshot v1, https://goo.gl/fbAQLP

exports[`Scores component renders correctly 1`] = `
<body>
  <div>
    <div
      class="Scores svelte-15zsq2a"
    >
      <button
        class="score player1 svelte-15zsq2a"
      >
        <div
          class="svelte-15zsq2a"
        >
          0
        </div>
      </button>
       
      <button
        class="score player2 svelte-15zsq2a"
      >
        <div
          class="svelte-15zsq2a"
        >
          0
        </div>
      </button>
    </div>
  </div>
</body>
`;
